Partial/Required:  5.04, Required:    400.0, Partial:  2015.83, Net: _19593_, Pin: _22150_/A1, Layer: met1
Partial/Required:  4.35, Required:    400.0, Partial:  1740.78, Net: _10144_, Pin: _33513_/B, Layer: met1
Partial/Required:  4.02, Required:    400.0, Partial:  1608.67, Net: net721, Pin: _26067_/A1, Layer: met1
Partial/Required:  3.44, Required:    400.0, Partial:  1377.67, Net: net4141, Pin: _27172_/A1, Layer: met1
Partial/Required:  3.35, Required:    400.0, Partial:  1338.74, Net: core.x7_reg\[14\], Pin: _32676_/B2, Layer: met1
Partial/Required:  2.90, Required:    400.0, Partial:  1160.78, Net: net4229, Pin: _25986_/A1, Layer: met1
Partial/Required:  2.78, Required:    400.0, Partial:  1111.68, Net: core.x7_reg\[12\], Pin: _32667_/B2, Layer: met1
Partial/Required:  2.39, Required:    400.0, Partial:   954.67, Net: _19448_, Pin: _22196_/B, Layer: met1
Partial/Required:  2.37, Required:    400.0, Partial:   947.67, Net: net3591, Pin: _27152_/A1, Layer: met1
Partial/Required:  2.26, Required:    400.0, Partial:   902.67, Net: core.key1_reg\[13\], Pin: _25896_/A1, Layer: met1
Partial/Required:  2.18, Required:    400.0, Partial:   872.58, Net: _14380_, Pin: _36096_/A, Layer: met1
Partial/Required:  2.17, Required:    400.0, Partial:    866.0, Net: net123, Pin: _33853_/A0, Layer: met1
Partial/Required:  2.15, Required:    400.0, Partial:   861.11, Net: core.qr1.y0\[24\], Pin: hold4693/A, Layer: met1
Partial/Required:  2.10, Required:    400.0, Partial:   841.67, Net: core.iv1_reg\[11\], Pin: _25675_/A, Layer: met1
Partial/Required:  2.01, Required:    400.0, Partial:   805.04, Net: _18235_, Pin: _20240_/A, Layer: met1
Partial/Required:  2.01, Required:    400.0, Partial:   802.67, Net: _17050_, Pin: _38767_/A, Layer: met1
Partial/Required:  1.96, Required:    400.0, Partial:   782.29, Net: _13161_, Pin: _34190_/A, Layer: met1
Partial/Required:  1.89, Required:    400.0, Partial:   756.11, Net: _08109_, Pin: _30800_/A, Layer: met1
Partial/Required:  1.68, Required:    400.0, Partial:    670.0, Net: net4245, Pin: _26935_/A1, Layer: met1
Partial/Required:  1.62, Required:    400.0, Partial:    650.0, Net: core.data_in_reg\[192\], Pin: _34448_/A1, Layer: met1
Partial/Required:  1.55, Required:    400.0, Partial:   621.22, Net: core.key1_reg\[30\], Pin: _25954_/A1, Layer: met1
Partial/Required:  1.47, Required:    400.0, Partial:   588.45, Net: _18814_, Pin: _22828_/A1, Layer: met1
Partial/Required:  1.45, Required:    400.0, Partial:   579.11, Net: _05835_, Pin: _25843_/A, Layer: met1
Partial/Required:  1.45, Required:    400.0, Partial:    578.0, Net: data_out15_reg\[19\], Pin: hold3369/A, Layer: met1
Partial/Required:  1.42, Required:    400.0, Partial:   567.89, Net: core.key1_reg\[28\], Pin: _25947_/A1, Layer: met1
Partial/Required:  1.41, Required:    400.0, Partial:   564.78, Net: net2974, Pin: _27088_/A1, Layer: met1
Partial/Required:  1.39, Required:    400.0, Partial:   557.96, Net: _19512_, Pin: _21839_/A1, Layer: met1
Partial/Required:  1.39, Required:    400.0, Partial:   557.44, Net: net2674, Pin: _23312_/A1, Layer: met1
Partial/Required:  1.35, Required:    400.0, Partial:   539.67, Net: core.iv1_reg\[15\], Pin: _27179_/A1, Layer: met1
Partial/Required:  1.32, Required:    400.0, Partial:   528.28, Net: data_out7_reg\[31\], Pin: hold4298/A, Layer: met1
Partial/Required:  1.32, Required:    400.0, Partial:   526.11, Net: core.block1_ctr_reg\[24\], Pin: _39920_/A, Layer: met1
Partial/Required:  1.27, Required:    400.0, Partial:   506.38, Net: net86, Pin: _30577_/B1, Layer: met1
Partial/Required:  1.27, Required:    400.0, Partial:   506.11, Net: data_out2_reg\[6\], Pin: hold3633/A, Layer: met1
Partial/Required:  1.23, Required:    400.0, Partial:   491.22, Net: net2855, Pin: _23283_/A1, Layer: met1
Partial/Required:  1.18, Required:    400.0, Partial:   473.33, Net: _08097_, Pin: _28428_/B, Layer: met1
Partial/Required:  1.14, Required:    400.0, Partial:   456.44, Net: net77, Pin: _33451_/A0, Layer: met1
Partial/Required:  1.14, Required:    400.0, Partial:    454.9, Net: core.x6_reg\[15\], Pin: _32522_/B2, Layer: met1
Partial/Required:  1.10, Required:    400.0, Partial:   441.67, Net: core.key\[207\], Pin: hold3161/A, Layer: met1
Partial/Required:  1.09, Required:    400.0, Partial:   435.41, Net: _14965_, Pin: _36541_/A, Layer: met1
Partial/Required:  1.08, Required:    400.0, Partial:    433.8, Net: _19637_, Pin: _22109_/A1, Layer: met1
Partial/Required:  1.07, Required:    400.0, Partial:   427.92, Net: _04101_, Pin: _23323_/A, Layer: met1
Partial/Required:  1.06, Required:    400.0, Partial:   424.89, Net: core.key\[208\], Pin: hold2492/A, Layer: met1
Partial/Required:  1.05, Required:    400.0, Partial:   421.44, Net: _08196_, Pin: _28534_/B, Layer: met1
Partial/Required:  1.05, Required:    400.0, Partial:    419.0, Net: net2205, Pin: _23306_/A1, Layer: met1
Partial/Required:  1.04, Required:    400.0, Partial:   415.08, Net: core.x4_reg\[31\], Pin: _32270_/B2, Layer: met2
Partial/Required:  1.03, Required:    400.0, Partial:   413.56, Net: data_out6_reg\[31\], Pin: hold4427/A, Layer: met1
Partial/Required:  1.03, Required:    400.0, Partial:   413.16, Net: core.x4_reg\[28\], Pin: _32251_/B2, Layer: met2
Partial/Required:  1.02, Required:    400.0, Partial:   406.61, Net: _13851_, Pin: _35203_/A, Layer: met1
