OpenROAD 41a51eaf4ca2171c92ff38afb91eb37bbd3f36da 
This program is licensed under the BSD-3 license. See the LICENSE file for details.
Components of this program may be licensed under more restrictive licenses which must be honored.
[INFO ODB-0222] Reading LEF file: /openlane/designs/salsa20/runs/RUN_2026.07.11_07.13.07/tmp/merged.min.lef
[INFO ODB-0223]     Created 14 technology layers
[INFO ODB-0224]     Created 25 technology vias
[INFO ODB-0225]     Created 441 library cells
[INFO ODB-0226] Finished LEF file:  /openlane/designs/salsa20/runs/RUN_2026.07.11_07.13.07/tmp/merged.min.lef
[INFO ODB-0127] Reading DEF file: /openlane/designs/salsa20/runs/RUN_2026.07.11_07.13.07/results/routing/salsa20.def
[INFO ODB-0128] Design: salsa20
[INFO ODB-0094] 		Created 100000 Insts
[INFO ODB-0130]     Created 79 pins.
[INFO ODB-0131]     Created 176200 components and 780811 component-terminals.
[INFO ODB-0132]     Created 2 special nets and 670864 connections.
[INFO ODB-0133]     Created 29450 nets and 109947 connections.
[INFO ODB-0134] Finished DEF file: /openlane/designs/salsa20/runs/RUN_2026.07.11_07.13.07/results/routing/salsa20.def
define_corners Typical
read_liberty -corner Typical /openlane/pdks/sky130A/libs.ref/sky130_fd_sc_hd/lib/sky130_fd_sc_hd__tt_025C_1v80.lib
Using 1e-12 for capacitance...
Using 1e+03 for resistance...
Using 1e-09 for time...
Using 1e+00 for voltage...
Using 1e-03 for current...
Using 1e-09 for power...
Using 1e-06 for distance...
Using RCX ruleset '/openlane/pdks/sky130A/libs.tech/openlane/rules.openrcx.sky130A.min.calibre'...
[INFO RCX-0431] Defined process_corner X with ext_model_index 0
[INFO RCX-0029] Defined extraction corner X
[INFO RCX-0008] extracting parasitics of salsa20 ...
[INFO RCX-0435] Reading extraction model file /openlane/pdks/sky130A/libs.tech/openlane/rules.openrcx.sky130A.min.calibre ...
[INFO RCX-0436] RC segment generation salsa20 (max_merge_res 50.0) ...
[INFO RCX-0040] Final 148347 rc segments
[INFO RCX-0439] Coupling Cap extraction salsa20 ...
[INFO RCX-0440] Coupling threshhold is 0.1000 fF, coupling capacitance less than 0.1000 fF will be grounded.
[INFO RCX-0043] 279354 wires to be extracted
[INFO RCX-0442] 20% completion -- 58172 wires have been extracted
[INFO RCX-0442] 50% completion -- 142466 wires have been extracted
[INFO RCX-0442] 70% completion -- 195946 wires have been extracted
[INFO RCX-0442] 100% completion -- 279354 wires have been extracted
[INFO RCX-0045] Extract 29450 nets, 177793 rsegs, 177793 caps, 335215 ccs
[INFO RCX-0015] Finished extracting salsa20.
Writing result to /openlane/designs/salsa20/runs/RUN_2026.07.11_07.13.07/results/routing/mca/process_corner_min/salsa20.spef...
Setting global connections for newly added cells…
[WARNING] Did not save OpenROAD database!
Writing extracted parasitics to '/openlane/designs/salsa20/runs/RUN_2026.07.11_07.13.07/results/routing/mca/process_corner_min/salsa20.spef'…
[INFO RCX-0016] Writing SPEF ...
[INFO RCX-0443] 29450 nets finished
[INFO RCX-0017] Finished writing SPEF ...
