
61. Printing statistics.

=== salsa20 ===

   Number of wires:              23646
   Number of wire bits:          23715
   Number of public wires:        3685
   Number of public wire bits:    3754
   Number of memories:               0
   Number of memory bits:            0
   Number of processes:              0
   Number of cells:              23671
     sky130_fd_sc_hd__a2111o_2      33
     sky130_fd_sc_hd__a2111oi_2      2
     sky130_fd_sc_hd__a211o_2       66
     sky130_fd_sc_hd__a211oi_2      12
     sky130_fd_sc_hd__a21bo_2       41
     sky130_fd_sc_hd__a21boi_2      26
     sky130_fd_sc_hd__a21o_2       460
     sky130_fd_sc_hd__a21oi_2      297
     sky130_fd_sc_hd__a221o_2      242
     sky130_fd_sc_hd__a221oi_2       2
     sky130_fd_sc_hd__a22o_2       478
     sky130_fd_sc_hd__a22oi_2        1
     sky130_fd_sc_hd__a2bb2o_2      81
     sky130_fd_sc_hd__a311o_2       19
     sky130_fd_sc_hd__a311oi_2       4
     sky130_fd_sc_hd__a31o_2       152
     sky130_fd_sc_hd__a31oi_2        9
     sky130_fd_sc_hd__a32o_2        62
     sky130_fd_sc_hd__a41o_2        11
     sky130_fd_sc_hd__and2_2      1443
     sky130_fd_sc_hd__and2b_2       81
     sky130_fd_sc_hd__and3_2       145
     sky130_fd_sc_hd__and3b_2       20
     sky130_fd_sc_hd__and4_2        19
     sky130_fd_sc_hd__and4b_2       12
     sky130_fd_sc_hd__and4bb_2       5
     sky130_fd_sc_hd__buf_1       3663
     sky130_fd_sc_hd__buf_2          1
     sky130_fd_sc_hd__dfxtp_2     3677
     sky130_fd_sc_hd__inv_2        266
     sky130_fd_sc_hd__mux2_2      1447
     sky130_fd_sc_hd__nand2_2     1430
     sky130_fd_sc_hd__nand2b_2       5
     sky130_fd_sc_hd__nand3_2       69
     sky130_fd_sc_hd__nand3b_2      11
     sky130_fd_sc_hd__nand4_2        5
     sky130_fd_sc_hd__nor2_2      1113
     sky130_fd_sc_hd__nor3_2        12
     sky130_fd_sc_hd__nor3b_2        3
     sky130_fd_sc_hd__nor4_2         6
     sky130_fd_sc_hd__o2111a_2       1
     sky130_fd_sc_hd__o2111ai_2      1
     sky130_fd_sc_hd__o211a_2     2045
     sky130_fd_sc_hd__o211ai_2       9
     sky130_fd_sc_hd__o21a_2       972
     sky130_fd_sc_hd__o21ai_2      220
     sky130_fd_sc_hd__o21ba_2       30
     sky130_fd_sc_hd__o21bai_2      13
     sky130_fd_sc_hd__o221a_2      323
     sky130_fd_sc_hd__o221ai_2       5
     sky130_fd_sc_hd__o22a_2         4
     sky130_fd_sc_hd__o2bb2a_2       2
     sky130_fd_sc_hd__o311a_2       20
     sky130_fd_sc_hd__o311ai_2       1
     sky130_fd_sc_hd__o31a_2        79
     sky130_fd_sc_hd__o31ai_2       25
     sky130_fd_sc_hd__o32a_2         5
     sky130_fd_sc_hd__o32ai_2        1
     sky130_fd_sc_hd__or2_2       2643
     sky130_fd_sc_hd__or2b_2       155
     sky130_fd_sc_hd__or3_2         81
     sky130_fd_sc_hd__or3b_2        13
     sky130_fd_sc_hd__or4_2         44
     sky130_fd_sc_hd__or4b_2        11
     sky130_fd_sc_hd__or4bb_2        1
     sky130_fd_sc_hd__xnor2_2     1236
     sky130_fd_sc_hd__xor2_2       300

   Chip area for module '\salsa20': 239926.358400

