OpenROAD 41a51eaf4ca2171c92ff38afb91eb37bbd3f36da 
This program is licensed under the BSD-3 license. See the LICENSE file for details.
Components of this program may be licensed under more restrictive licenses which must be honored.
[INFO]: Reading ODB at '/openlane/designs/salsa20/runs/RUN_2026.07.11_07.13.07/results/placement/salsa20.odb'…
define_corners Slowest Typical Fastest
read_liberty -corner Slowest /openlane/designs/salsa20/runs/RUN_2026.07.11_07.13.07/tmp/cts/cts-slowest.lib
read_liberty -corner Typical /openlane/designs/salsa20/runs/RUN_2026.07.11_07.13.07/tmp/cts/cts.lib
read_liberty -corner Fastest /openlane/designs/salsa20/runs/RUN_2026.07.11_07.13.07/tmp/cts/cts-fastest.lib
Using 1e-12 for capacitance...
Using 1e+03 for resistance...
Using 1e-09 for time...
Using 1e+00 for voltage...
Using 1e-03 for current...
Using 1e-09 for power...
Using 1e-06 for distance...
Reading design constraints file at '/openlane/designs/salsa20/runs/RUN_2026.07.11_07.13.07/tmp/placement/9-resizer.sdc'…
[INFO]: Setting RC values...
[INFO]: Configuring cts characterization...
[INFO]: Performing clock tree synthesis...
[INFO]: Looking for the following net(s): clk
[INFO]: Running Clock Tree Synthesis...
[INFO CTS-0049] Characterization buffer is: sky130_fd_sc_hd__clkbuf_8.
[INFO CTS-0038] Number of created patterns = 50000.
[INFO CTS-0038] Number of created patterns = 100000.
[INFO CTS-0039] Number of created patterns = 141984.
[INFO CTS-0084] Compiling LUT.
Min. len    Max. len    Min. cap    Max. cap    Min. slew   Max. slew
2           8           1           35          1           12          
[WARNING CTS-0043] 4896 wires are pure wire and no slew degradation.
TritonCTS forced slew degradation on these wires.
[INFO CTS-0046]     Number of wire segments: 141984.
[INFO CTS-0047]     Number of keys in characterization LUT: 1624.
[INFO CTS-0048]     Actual min input cap: 1.
[INFO CTS-0007] Net "clk" found for clock "clk".
[INFO CTS-0010]  Clock net "clk" has 3677 sinks.
[INFO CTS-0008] TritonCTS found 1 clock nets.
[INFO CTS-0097] Characterization used 2 buffer(s) types.
[INFO CTS-0027] Generating H-Tree topology for net clk.
[INFO CTS-0028]  Total number of sinks: 3677.
[INFO CTS-0029]  Sinks will be clustered in groups of up to 25 and with maximum cluster diameter of 50.0 um.
[INFO CTS-0030]  Number of static layers: 0.
[INFO CTS-0020]  Wire segment unit: 13000  dbu (13 um).
[INFO CTS-0019]  Total number of sinks after clustering: 802.
[INFO CTS-0024]  Normalized sink region: [(0.869615, 1.35538), (84.254, 84.3855)].
[INFO CTS-0025]     Width:  83.3844.
[INFO CTS-0026]     Height: 83.0302.
 Level 1
    Direction: Horizontal
    Sinks per sub-region: 401
    Sub-region size: 41.6922 X 83.0302
[INFO CTS-0034]     Segment length (rounded): 20.
    Key: 4140 inSlew: 1 inCap: 2 outSlew: 2 load: 1 length: 8 delay: 1
    Key: 4140 inSlew: 1 inCap: 2 outSlew: 2 load: 1 length: 8 delay: 1
    Key: 255 inSlew: 2 inCap: 1 outSlew: 3 load: 1 length: 4 delay: 1
 Level 2
    Direction: Vertical
    Sinks per sub-region: 201
    Sub-region size: 41.6922 X 41.5151
[INFO CTS-0034]     Segment length (rounded): 20.
    Key: 1082 inSlew: 3 inCap: 1 outSlew: 1 load: 1 length: 8 delay: 9
      location: 0.25 buffer: sky130_fd_sc_hd__clkbuf_8
    Key: 4140 inSlew: 1 inCap: 2 outSlew: 2 load: 1 length: 8 delay: 1
    Key: 246 inSlew: 1 inCap: 1 outSlew: 2 load: 1 length: 4 delay: 1
 Level 3
    Direction: Horizontal
    Sinks per sub-region: 101
    Sub-region size: 20.8461 X 41.5151
[INFO CTS-0034]     Segment length (rounded): 10.
    Key: 4143 inSlew: 2 inCap: 2 outSlew: 3 load: 1 length: 8 delay: 1
    Key: 2 inSlew: 3 inCap: 1 outSlew: 1 load: 1 length: 2 delay: 9
      location: 1.0 buffer: sky130_fd_sc_hd__clkbuf_8
 Level 4
    Direction: Vertical
    Sinks per sub-region: 51
    Sub-region size: 20.8461 X 20.7575
[INFO CTS-0034]     Segment length (rounded): 10.
    Key: 4140 inSlew: 1 inCap: 2 outSlew: 2 load: 1 length: 8 delay: 1
    Key: 36 inSlew: 1 inCap: 1 outSlew: 2 load: 1 length: 2 delay: 1
 Out of 59 sinks, 3 sinks closer to other cluster.
 Level 5
    Direction: Horizontal
    Sinks per sub-region: 26
    Sub-region size: 10.4230 X 20.7575
[INFO CTS-0034]     Segment length (rounded): 6.
    Key: 1047 inSlew: 2 inCap: 1 outSlew: 3 load: 1 length: 6 delay: 1
 Level 6
    Direction: Vertical
    Sinks per sub-region: 13
    Sub-region size: 10.4230 X 10.3788
[INFO CTS-0034]     Segment length (rounded): 6.
    Key: 290 inSlew: 3 inCap: 1 outSlew: 1 load: 1 length: 6 delay: 9
      location: 0.333333 buffer: sky130_fd_sc_hd__clkbuf_8
 Out of 27 sinks, 1 sinks closer to other cluster.
 Out of 10 sinks, 1 sinks closer to other cluster.
 Out of 13 sinks, 1 sinks closer to other cluster.
 Out of 18 sinks, 2 sinks closer to other cluster.
[INFO CTS-0032]  Stop criterion found. Max number of sinks is 15.
[INFO CTS-0035]  Number of sinks covered: 802.
[INFO CTS-0018]     Created 837 clock buffers.
[INFO CTS-0012]     Minimum number of buffers in the clock path: 4.
[INFO CTS-0013]     Maximum number of buffers in the clock path: 5.
[INFO CTS-0015]     Created 837 clock nets.
[INFO CTS-0016]     Fanout distribution for the current clock = 2:70, 3:107, 4:164, 5:175, 6:122, 7:82, 8:41, 9:9, 10:5, 11:2, 12:11, 13:12, 14:5, 15:11, 16:3, 17:3, 18:2..
[INFO CTS-0017]     Max level of the clock tree: 6.
[INFO CTS-0098] Clock net "clk"
[INFO CTS-0099]  Sinks 3677
[INFO CTS-0100]  Leaf buffers 760
[INFO CTS-0101]  Average sink wire length 1605.77 um
[INFO CTS-0102]  Path depth 4 - 5
[INFO]: Repairing long wires on clock nets...
[INFO RSZ-0058] Using max wire length 4508um.
Setting global connections for newly added cells…
Writing OpenROAD database to '/openlane/designs/salsa20/runs/RUN_2026.07.11_07.13.07/results/cts/salsa20.odb'…
Writing layout to '/openlane/designs/salsa20/runs/RUN_2026.07.11_07.13.07/results/cts/salsa20.def'…
Writing timing constraints to '/openlane/designs/salsa20/runs/RUN_2026.07.11_07.13.07/results/cts/salsa20.sdc'…
[INFO]: Legalizing...
Placement Analysis
---------------------------------
total displacement       4436.8 u
average displacement        0.1 u
max displacement           10.7 u
original HPWL         2049097.1 u
legalized HPWL        2070811.0 u
delta HPWL                    1 %

[INFO DPL-0020] Mirrored 9648 instances
[INFO DPL-0021] HPWL before          2070811.0 u
[INFO DPL-0022] HPWL after           2050030.1 u
[INFO DPL-0023] HPWL delta               -1.0 %
Setting global connections for newly added cells…
Writing OpenROAD database to '/openlane/designs/salsa20/runs/RUN_2026.07.11_07.13.07/results/cts/salsa20.odb'…
Writing layout to '/openlane/designs/salsa20/runs/RUN_2026.07.11_07.13.07/results/cts/salsa20.def'…
Writing timing constraints to '/openlane/designs/salsa20/runs/RUN_2026.07.11_07.13.07/results/cts/salsa20.sdc'…
cts_report
[INFO CTS-0003] Total number of Clock Roots: 1.
[INFO CTS-0004] Total number of Buffers Inserted: 837.
[INFO CTS-0005] Total number of Clock Subnets: 837.
[INFO CTS-0006] Total number of Sinks: 3677.
cts_report_end
