OpenROAD 41a51eaf4ca2171c92ff38afb91eb37bbd3f36da 
This program is licensed under the BSD-3 license. See the LICENSE file for details.
Components of this program may be licensed under more restrictive licenses which must be honored.
[INFO]: Reading ODB at '/openlane/designs/salsa20/runs/RUN_2026.07.11_07.13.07/results/cts/salsa20.odb'…
define_corners Slowest Typical Fastest
read_liberty -corner Slowest /openlane/pdks/sky130A/libs.ref/sky130_fd_sc_hd/lib/sky130_fd_sc_hd__ss_100C_1v60.lib
read_liberty -corner Typical /openlane/pdks/sky130A/libs.ref/sky130_fd_sc_hd/lib/sky130_fd_sc_hd__tt_025C_1v80.lib
read_liberty -corner Fastest /openlane/pdks/sky130A/libs.ref/sky130_fd_sc_hd/lib/sky130_fd_sc_hd__ff_n40C_1v95.lib
Using 1e-12 for capacitance...
Using 1e+03 for resistance...
Using 1e-09 for time...
Using 1e+00 for voltage...
Using 1e-03 for current...
Using 1e-09 for power...
Using 1e-06 for distance...
Reading design constraints file at '/openlane/designs/salsa20/runs/RUN_2026.07.11_07.13.07/results/cts/salsa20.sdc'…
[INFO]: Setting RC values...
[INFO RSZ-0046] Found 3593 endpoints with hold violations.
[INFO RSZ-0032] Inserted 4697 hold buffers.
Placement Analysis
---------------------------------
total displacement      22180.7 u
average displacement        0.5 u
max displacement           14.6 u
original HPWL         2123912.7 u
legalized HPWL        2167109.1 u
delta HPWL                    2 %

[INFO DPL-0020] Mirrored 12622 instances
[INFO DPL-0021] HPWL before          2167109.1 u
[INFO DPL-0022] HPWL after           2138046.5 u
[INFO DPL-0023] HPWL delta               -1.3 %
Setting global connections for newly added cells…
Writing OpenROAD database to '/openlane/designs/salsa20/runs/RUN_2026.07.11_07.13.07/tmp/cts/14-salsa20.resized.odb'…
Writing netlist to '/openlane/designs/salsa20/runs/RUN_2026.07.11_07.13.07/tmp/cts/14-salsa20.resized.nl.v'…
Writing powered netlist to '/openlane/designs/salsa20/runs/RUN_2026.07.11_07.13.07/tmp/cts/14-salsa20.resized.pnl.v'…
Writing layout to '/openlane/designs/salsa20/runs/RUN_2026.07.11_07.13.07/tmp/cts/14-salsa20.resized.def'…
Writing timing constraints to '/openlane/designs/salsa20/runs/RUN_2026.07.11_07.13.07/tmp/cts/14-salsa20.resized.sdc'…
area_report

===========================================================================
report_design_area
============================================================================
Design area 326701 u^2 27% utilization.
area_report_end
