OpenROAD 41a51eaf4ca2171c92ff38afb91eb37bbd3f36da 
This program is licensed under the BSD-3 license. See the LICENSE file for details.
Components of this program may be licensed under more restrictive licenses which must be honored.
[INFO]: Reading ODB at '/openlane/designs/openlane_design/runs/RUN_2026.07.01_11.09.21/tmp/routing/26-fill.odb'…
define_corners Typical
read_liberty -corner Typical /openlane/pdks/sky130A/libs.ref/sky130_fd_sc_hd/lib/sky130_fd_sc_hd__tt_025C_1v80.lib
Using 1e-12 for capacitance...
Using 1e+03 for resistance...
Using 1e-09 for time...
Using 1e+00 for voltage...
Using 1e-03 for current...
Using 1e-09 for power...
Using 1e-06 for distance...
Reading design constraints file at '/openlane/designs/openlane_design/runs/RUN_2026.07.01_11.09.21/tmp/17-top.sdc'…
[INFO ORD-0030] Using 4 thread(s).
[INFO DRT-0149] Reading tech and libs.

Units:                1000
Number of layers:     13
Number of macros:     441
Number of vias:       25
Number of viarulegen: 25

[INFO DRT-0150] Reading design.

Design:                   top
Die area:                 ( 0 0 ) ( 1000000 1000000 )
Number of track patterns: 12
Number of DEF vias:       0
Number of components:     132198
Number of terminals:      6
Number of snets:          2
Number of nets:           24444

[INFO DRT-0167] List of default vias:
  Layer mcon
    default via: L1M1_PR
  Layer via
    default via: M1M2_PR
  Layer via2
    default via: M2M3_PR
  Layer via3
    default via: M3M4_PR
  Layer via4
    default via: M4M5_PR
[INFO DRT-0162] Library cell analysis.
[INFO DRT-0163] Instance analysis.
  Complete 10000 instances.
  Complete 20000 instances.
  Complete 30000 instances.
  Complete 40000 instances.
  Complete 50000 instances.
  Complete 60000 instances.
  Complete 70000 instances.
  Complete 80000 instances.
  Complete 90000 instances.
  Complete 100000 instances.
[INFO DRT-0164] Number of unique instances = 250.
[INFO DRT-0168] Init region query.
[INFO DRT-0018]   Complete 10000 insts.
[INFO DRT-0018]   Complete 20000 insts.
[INFO DRT-0018]   Complete 30000 insts.
[INFO DRT-0018]   Complete 40000 insts.
[INFO DRT-0018]   Complete 50000 insts.
[INFO DRT-0018]   Complete 60000 insts.
[INFO DRT-0018]   Complete 70000 insts.
[INFO DRT-0018]   Complete 80000 insts.
[INFO DRT-0018]   Complete 90000 insts.
[INFO DRT-0019]   Complete 100000 insts.
[INFO DRT-0024]   Complete FR_MASTERSLICE.
[INFO DRT-0024]   Complete licon.
[INFO DRT-0024]   Complete li1.
[INFO DRT-0024]   Complete mcon.
[INFO DRT-0024]   Complete met1.
[INFO DRT-0024]   Complete via.
[INFO DRT-0024]   Complete met2.
[INFO DRT-0024]   Complete via2.
[INFO DRT-0024]   Complete met3.
[INFO DRT-0024]   Complete via3.
[INFO DRT-0024]   Complete met4.
[INFO DRT-0024]   Complete via4.
[INFO DRT-0024]   Complete met5.
[INFO DRT-0033] FR_MASTERSLICE shape region query size = 0.
[INFO DRT-0033] licon shape region query size = 0.
[INFO DRT-0033] li1 shape region query size = 1232746.
[INFO DRT-0033] mcon shape region query size = 745608.
[INFO DRT-0033] met1 shape region query size = 336667.
[INFO DRT-0033] via shape region query size = 72000.
[INFO DRT-0033] met2 shape region query size = 43202.
[INFO DRT-0033] via2 shape region query size = 57600.
[INFO DRT-0033] met3 shape region query size = 43202.
[INFO DRT-0033] via3 shape region query size = 57600.
[INFO DRT-0033] met4 shape region query size = 17680.
[INFO DRT-0033] via4 shape region query size = 3120.
[INFO DRT-0033] met5 shape region query size = 3276.
[INFO DRT-0165] Start pin access.
[INFO DRT-0076]   Complete 100 pins.
[INFO DRT-0076]   Complete 200 pins.
[INFO DRT-0076]   Complete 300 pins.
[INFO DRT-0076]   Complete 400 pins.
[INFO DRT-0076]   Complete 500 pins.
[INFO DRT-0076]   Complete 600 pins.
[INFO DRT-0076]   Complete 700 pins.
[INFO DRT-0076]   Complete 800 pins.
[INFO DRT-0076]   Complete 900 pins.
[INFO DRT-0078]   Complete 927 pins.
[INFO DRT-0079]   Complete 100 unique inst patterns.
[INFO DRT-0079]   Complete 200 unique inst patterns.
[INFO DRT-0081]   Complete 232 unique inst patterns.
[INFO DRT-0082]   Complete 1000 groups.
[INFO DRT-0082]   Complete 2000 groups.
[INFO DRT-0082]   Complete 3000 groups.
[INFO DRT-0082]   Complete 4000 groups.
[INFO DRT-0082]   Complete 5000 groups.
[INFO DRT-0082]   Complete 6000 groups.
[INFO DRT-0082]   Complete 7000 groups.
[INFO DRT-0082]   Complete 8000 groups.
[INFO DRT-0082]   Complete 9000 groups.
[INFO DRT-0083]   Complete 10000 groups.
[INFO DRT-0083]   Complete 20000 groups.
[INFO DRT-0084]   Complete 27477 groups.
#scanned instances     = 132198
#unique  instances     = 250
#stdCellGenAp          = 7010
#stdCellValidPlanarAp  = 46
#stdCellValidViaAp     = 5374
#stdCellPinNoAp        = 0
#stdCellPinCnt         = 76448
#instTermValidViaApCnt = 0
#macroGenAp            = 0
#macroValidPlanarAp    = 0
#macroValidViaAp       = 0
#macroNoAp             = 0
[INFO DRT-0166] Complete pin access.
[INFO DRT-0267] cpu time = 00:06:06, elapsed time = 00:02:31, memory = 610.90 (MB), peak = 617.02 (MB)
[INFO DRT-0156] guideIn read 100000 guides.

Number of guides:     199928

[INFO DRT-0169] Post process guides.
[INFO DRT-0176] GCELLGRID X 0 DO 144 STEP 6900 ;
[INFO DRT-0177] GCELLGRID Y 0 DO 144 STEP 6900 ;
[INFO DRT-0026]   Complete 10000 origin guides.
[INFO DRT-0026]   Complete 20000 origin guides.
[INFO DRT-0026]   Complete 30000 origin guides.
[INFO DRT-0026]   Complete 40000 origin guides.
[INFO DRT-0026]   Complete 50000 origin guides.
[INFO DRT-0026]   Complete 60000 origin guides.
[INFO DRT-0026]   Complete 70000 origin guides.
[INFO DRT-0026]   Complete 80000 origin guides.
[INFO DRT-0026]   Complete 90000 origin guides.
[INFO DRT-0027]   Complete 100000 origin guides.
[INFO DRT-0028]   Complete FR_MASTERSLICE.
[INFO DRT-0028]   Complete licon.
[INFO DRT-0028]   Complete li1.
[INFO DRT-0028]   Complete mcon.
[INFO DRT-0028]   Complete met1.
[INFO DRT-0028]   Complete via.
[INFO DRT-0028]   Complete met2.
[INFO DRT-0028]   Complete via2.
[INFO DRT-0028]   Complete met3.
[INFO DRT-0028]   Complete via3.
[INFO DRT-0028]   Complete met4.
[INFO DRT-0028]   Complete via4.
[INFO DRT-0028]   Complete met5.
  complete 10000 nets.
  complete 20000 nets.
[INFO DRT-0178] Init guide query.
[INFO DRT-0029]   Complete 10000 nets (guide).
[INFO DRT-0029]   Complete 20000 nets (guide).
[INFO DRT-0035]   Complete FR_MASTERSLICE (guide).
[INFO DRT-0035]   Complete licon (guide).
[INFO DRT-0035]   Complete li1 (guide).
[INFO DRT-0035]   Complete mcon (guide).
[INFO DRT-0035]   Complete met1 (guide).
[INFO DRT-0035]   Complete via (guide).
[INFO DRT-0035]   Complete met2 (guide).
[INFO DRT-0035]   Complete via2 (guide).
[INFO DRT-0035]   Complete met3 (guide).
[INFO DRT-0035]   Complete via3 (guide).
[INFO DRT-0035]   Complete met4 (guide).
[INFO DRT-0035]   Complete via4 (guide).
[INFO DRT-0035]   Complete met5 (guide).
[INFO DRT-0036] FR_MASTERSLICE guide region query size = 0.
[INFO DRT-0036] licon guide region query size = 0.
[INFO DRT-0036] li1 guide region query size = 71746.
[INFO DRT-0036] mcon guide region query size = 0.
[INFO DRT-0036] met1 guide region query size = 54959.
[INFO DRT-0036] via guide region query size = 0.
[INFO DRT-0036] met2 guide region query size = 28637.
[INFO DRT-0036] via2 guide region query size = 0.
[INFO DRT-0036] met3 guide region query size = 1131.
[INFO DRT-0036] via3 guide region query size = 0.
[INFO DRT-0036] met4 guide region query size = 560.
[INFO DRT-0036] via4 guide region query size = 0.
[INFO DRT-0036] met5 guide region query size = 0.
[INFO DRT-0179] Init gr pin query.
[INFO DRT-0245] skipped writing guide updates to database.
[INFO DRT-0185] Post process initialize RPin region query.
[INFO DRT-0181] Start track assignment.
[INFO DRT-0184] Done with 100943 vertical wires in 3 frboxes and 56090 horizontal wires in 3 frboxes.
[INFO DRT-0186] Done with 13562 vertical wires in 3 frboxes and 20075 horizontal wires in 3 frboxes.
[INFO DRT-0182] Complete track assignment.
[INFO DRT-0267] cpu time = 00:00:21, elapsed time = 00:00:14, memory = 853.30 (MB), peak = 1229.34 (MB)
[INFO DRT-0187] Start routing data preparation.
[INFO DRT-0267] cpu time = 00:00:00, elapsed time = 00:00:00, memory = 853.30 (MB), peak = 1229.34 (MB)
[INFO DRT-0194] Start detail routing.
[INFO DRT-0195] Start 0th optimization iteration.
    Completing 10% with 0 violations.
    elapsed time = 00:00:20, memory = 1601.83 (MB).
    Completing 20% with 0 violations.
    elapsed time = 00:00:57, memory = 2380.93 (MB).
    Completing 30% with 5292 violations.
    elapsed time = 00:01:15, memory = 1452.09 (MB).
    Completing 40% with 5292 violations.
    elapsed time = 00:01:46, memory = 2146.59 (MB).
    Completing 50% with 5292 violations.
    elapsed time = 00:02:30, memory = 2767.29 (MB).
    Completing 60% with 11106 violations.
    elapsed time = 00:02:55, memory = 1902.16 (MB).
    Completing 70% with 11106 violations.
    elapsed time = 00:03:32, memory = 2352.00 (MB).
    Completing 80% with 16160 violations.
    elapsed time = 00:04:06, memory = 1794.25 (MB).
    Completing 90% with 16160 violations.
    elapsed time = 00:04:48, memory = 2607.87 (MB).
    Completing 100% with 21802 violations.
    elapsed time = 00:05:37, memory = 1583.02 (MB).
[INFO DRT-0199]   Number of violations = 27172.
Viol/Layer         li1   mcon   met1    via   met2   met3   via3   met4
Cut Spacing          0      9      0      1      0      0      0      0
Metal Spacing      246      0   2815      0   1177     19      0      2
Min Hole             0      0     29      0      0      0      0      0
NS Metal             4      0      0      0      0      0      0      0
Recheck              4      0   3195      0   1839    267      0     65
Short                0      3  13577      4   3878     17      1     20
[INFO DRT-0267] cpu time = 00:13:12, elapsed time = 00:05:38, memory = 1706.52 (MB), peak = 3269.36 (MB)
Total wire length = 966355 um.
Total wire length on LAYER li1 = 0 um.
Total wire length on LAYER met1 = 465608 um.
Total wire length on LAYER met2 = 440573 um.
Total wire length on LAYER met3 = 37118 um.
Total wire length on LAYER met4 = 23054 um.
Total wire length on LAYER met5 = 0 um.
Total number of vias = 195398.
Up-via summary (total 195398):.

-------------------------
 FR_MASTERSLICE         0
            li1     92132
           met1     99177
           met2      3170
           met3       919
           met4         0
-------------------------
                   195398


[INFO DRT-0195] Start 1st optimization iteration.
    Completing 10% with 27172 violations.
    elapsed time = 00:00:16, memory = 2126.50 (MB).
    Completing 20% with 27172 violations.
    elapsed time = 00:00:55, memory = 2649.73 (MB).
    Completing 30% with 23954 violations.
    elapsed time = 00:01:16, memory = 1752.53 (MB).
    Completing 40% with 23954 violations.
    elapsed time = 00:01:47, memory = 2376.61 (MB).
    Completing 50% with 23954 violations.
    elapsed time = 00:02:29, memory = 3079.48 (MB).
    Completing 60% with 20141 violations.
    elapsed time = 00:02:51, memory = 2071.59 (MB).
    Completing 70% with 20141 violations.
    elapsed time = 00:03:22, memory = 2748.48 (MB).
    Completing 80% with 16810 violations.
    elapsed time = 00:03:56, memory = 1861.52 (MB).
    Completing 90% with 16810 violations.
    elapsed time = 00:04:32, memory = 2446.19 (MB).
    Completing 100% with 13399 violations.
    elapsed time = 00:05:23, memory = 1602.77 (MB).
[INFO DRT-0199]   Number of violations = 15517.
Viol/Layer        mcon   met1    via   met2   met3   met4
Cut Spacing          6      0      1      0      0      0
Metal Spacing        0   1392      0    729     11      2
Min Hole             0      1      0      0      0      0
Recheck              0      0      0      0   2118      0
Short                0   9732      1   1515      9      0
[INFO DRT-0267] cpu time = 00:12:41, elapsed time = 00:05:25, memory = 1725.06 (MB), peak = 3269.36 (MB)
Total wire length = 958899 um.
Total wire length on LAYER li1 = 0 um.
Total wire length on LAYER met1 = 460969 um.
Total wire length on LAYER met2 = 436072 um.
Total wire length on LAYER met3 = 38922 um.
Total wire length on LAYER met4 = 22935 um.
Total wire length on LAYER met5 = 0 um.
Total number of vias = 195238.
Up-via summary (total 195238):.

-------------------------
 FR_MASTERSLICE         0
            li1     92100
           met1     98713
           met2      3500
           met3       925
           met4         0
-------------------------
                   195238


[INFO DRT-0195] Start 2nd optimization iteration.
    Completing 10% with 15517 violations.
    elapsed time = 00:00:24, memory = 2135.95 (MB).
    Completing 20% with 15517 violations.
    elapsed time = 00:01:03, memory = 2564.23 (MB).
    Completing 30% with 14737 violations.
    elapsed time = 00:01:24, memory = 1866.48 (MB).
    Completing 40% with 14737 violations.
    elapsed time = 00:01:59, memory = 2353.01 (MB).
    Completing 50% with 14737 violations.
    elapsed time = 00:02:36, memory = 2735.28 (MB).
    Completing 60% with 13706 violations.
    elapsed time = 00:03:01, memory = 2277.25 (MB).
    Completing 70% with 13706 violations.
    elapsed time = 00:03:41, memory = 2658.67 (MB).
    Completing 80% with 13314 violations.
    elapsed time = 00:04:01, memory = 1926.97 (MB).
    Completing 90% with 13314 violations.
    elapsed time = 00:04:30, memory = 2483.25 (MB).
    Completing 100% with 13183 violations.
    elapsed time = 00:05:06, memory = 1609.21 (MB).
[INFO DRT-0199]   Number of violations = 13914.
Viol/Layer        mcon   met1   met2   met3
Cut Spacing          7      0      0      0
Metal Spacing        0   1388    632     22
Min Hole             0      2      0      0
NS Metal             0      1      0      0
Recheck              0      7      0    952
Short                0   9537   1359      7
[INFO DRT-0267] cpu time = 00:12:03, elapsed time = 00:05:07, memory = 1730.59 (MB), peak = 3269.36 (MB)
Total wire length = 956174 um.
Total wire length on LAYER li1 = 0 um.
Total wire length on LAYER met1 = 460106 um.
Total wire length on LAYER met2 = 434534 um.
Total wire length on LAYER met3 = 38519 um.
Total wire length on LAYER met4 = 23015 um.
Total wire length on LAYER met5 = 0 um.
Total number of vias = 194654.
Up-via summary (total 194654):.

-------------------------
 FR_MASTERSLICE         0
            li1     92098
           met1     98248
           met2      3413
           met3       895
           met4         0
-------------------------
                   194654


[INFO DRT-0195] Start 3rd optimization iteration.
    Completing 10% with 13914 violations.
    elapsed time = 00:00:19, memory = 2095.01 (MB).
    Completing 20% with 13914 violations.
    elapsed time = 00:00:55, memory = 2511.40 (MB).
    Completing 30% with 10977 violations.
    elapsed time = 00:01:13, memory = 1735.25 (MB).
    Completing 40% with 10977 violations.
    elapsed time = 00:01:42, memory = 2353.32 (MB).
    Completing 50% with 10977 violations.
    elapsed time = 00:02:25, memory = 2876.90 (MB).
    Completing 60% with 8198 violations.
    elapsed time = 00:02:44, memory = 2086.84 (MB).
    Completing 70% with 8198 violations.
    elapsed time = 00:03:12, memory = 2560.74 (MB).
    Completing 80% with 5239 violations.
    elapsed time = 00:03:35, memory = 1822.21 (MB).
    Completing 90% with 5239 violations.
    elapsed time = 00:04:06, memory = 2400.17 (MB).
    Completing 100% with 2209 violations.
    elapsed time = 00:04:46, memory = 1644.87 (MB).
[INFO DRT-0199]   Number of violations = 2217.
Viol/Layer        met1    via   met2   met3
Cut Spacing          0      6      0      0
Metal Spacing      560      0    156     10
Min Hole             2      0      0      0
Recheck              3      0      5      0
Short             1312      2    159      2
[INFO DRT-0267] cpu time = 00:11:13, elapsed time = 00:04:47, memory = 1707.98 (MB), peak = 3269.36 (MB)
Total wire length = 954696 um.
Total wire length on LAYER li1 = 0 um.
Total wire length on LAYER met1 = 427398 um.
Total wire length on LAYER met2 = 431029 um.
Total wire length on LAYER met3 = 68947 um.
Total wire length on LAYER met4 = 27321 um.
Total wire length on LAYER met5 = 0 um.
Total number of vias = 200789.
Up-via summary (total 200789):.

-------------------------
 FR_MASTERSLICE         0
            li1     92098
           met1    100262
           met2      7098
           met3      1331
           met4         0
-------------------------
                   200789


[INFO DRT-0195] Start 4th optimization iteration.
    Completing 10% with 2217 violations.
    elapsed time = 00:00:01, memory = 1870.33 (MB).
    Completing 20% with 2217 violations.
    elapsed time = 00:00:09, memory = 2174.76 (MB).
    Completing 30% with 1779 violations.
    elapsed time = 00:00:15, memory = 1644.92 (MB).
    Completing 40% with 1779 violations.
    elapsed time = 00:00:22, memory = 2044.33 (MB).
    Completing 50% with 1779 violations.
    elapsed time = 00:00:35, memory = 2274.70 (MB).
    Completing 60% with 1242 violations.
    elapsed time = 00:00:38, memory = 1877.98 (MB).
    Completing 70% with 1242 violations.
    elapsed time = 00:00:53, memory = 2191.62 (MB).
    Completing 80% with 862 violations.
    elapsed time = 00:01:07, memory = 1645.91 (MB).
    Completing 90% with 862 violations.
    elapsed time = 00:01:13, memory = 1976.20 (MB).
    Completing 100% with 502 violations.
    elapsed time = 00:01:27, memory = 1655.64 (MB).
[INFO DRT-0199]   Number of violations = 502.
Viol/Layer        met1   met2   met3
Metal Spacing      100     20      2
Short              339     35      6
[INFO DRT-0267] cpu time = 00:03:03, elapsed time = 00:01:27, memory = 1663.62 (MB), peak = 3269.36 (MB)
Total wire length = 954537 um.
Total wire length on LAYER li1 = 0 um.
Total wire length on LAYER met1 = 425759 um.
Total wire length on LAYER met2 = 430650 um.
Total wire length on LAYER met3 = 70530 um.
Total wire length on LAYER met4 = 27596 um.
Total wire length on LAYER met5 = 0 um.
Total number of vias = 200883.
Up-via summary (total 200883):.

-------------------------
 FR_MASTERSLICE         0
            li1     92098
           met1    100214
           met2      7231
           met3      1340
           met4         0
-------------------------
                   200883


[INFO DRT-0195] Start 5th optimization iteration.
    Completing 10% with 502 violations.
    elapsed time = 00:00:00, memory = 1663.62 (MB).
    Completing 20% with 502 violations.
    elapsed time = 00:00:01, memory = 1831.93 (MB).
    Completing 30% with 444 violations.
    elapsed time = 00:00:03, memory = 1660.28 (MB).
    Completing 40% with 444 violations.
    elapsed time = 00:00:03, memory = 1669.45 (MB).
    Completing 50% with 444 violations.
    elapsed time = 00:00:07, memory = 1872.14 (MB).
    Completing 60% with 366 violations.
    elapsed time = 00:00:11, memory = 1647.80 (MB).
    Completing 70% with 366 violations.
    elapsed time = 00:00:11, memory = 1765.31 (MB).
    Completing 80% with 301 violations.
    elapsed time = 00:00:14, memory = 1732.87 (MB).
    Completing 90% with 301 violations.
    elapsed time = 00:00:16, memory = 1784.18 (MB).
    Completing 100% with 101 violations.
    elapsed time = 00:00:25, memory = 1647.18 (MB).
[INFO DRT-0199]   Number of violations = 101.
Viol/Layer        met1   met2
Metal Spacing       35      5
Short               58      3
[INFO DRT-0267] cpu time = 00:00:44, elapsed time = 00:00:26, memory = 1647.89 (MB), peak = 3269.36 (MB)
Total wire length = 954492 um.
Total wire length on LAYER li1 = 0 um.
Total wire length on LAYER met1 = 425379 um.
Total wire length on LAYER met2 = 430527 um.
Total wire length on LAYER met3 = 70849 um.
Total wire length on LAYER met4 = 27735 um.
Total wire length on LAYER met5 = 0 um.
Total number of vias = 200885.
Up-via summary (total 200885):.

-------------------------
 FR_MASTERSLICE         0
            li1     92098
           met1    100189
           met2      7245
           met3      1353
           met4         0
-------------------------
                   200885


[INFO DRT-0195] Start 6th optimization iteration.
    Completing 10% with 101 violations.
    elapsed time = 00:00:00, memory = 1647.89 (MB).
    Completing 20% with 101 violations.
    elapsed time = 00:00:00, memory = 1647.89 (MB).
    Completing 30% with 99 violations.
    elapsed time = 00:00:04, memory = 1648.04 (MB).
    Completing 40% with 99 violations.
    elapsed time = 00:00:04, memory = 1648.04 (MB).
    Completing 50% with 99 violations.
    elapsed time = 00:00:05, memory = 1798.73 (MB).
    Completing 60% with 61 violations.
    elapsed time = 00:00:07, memory = 1691.51 (MB).
    Completing 70% with 61 violations.
    elapsed time = 00:00:07, memory = 1691.51 (MB).
    Completing 80% with 61 violations.
    elapsed time = 00:00:25, memory = 1691.64 (MB).
    Completing 90% with 61 violations.
    elapsed time = 00:00:25, memory = 1691.64 (MB).
    Completing 100% with 43 violations.
    elapsed time = 00:00:36, memory = 1691.62 (MB).
[INFO DRT-0199]   Number of violations = 43.
Viol/Layer        met1
Metal Spacing       17
Short               26
[INFO DRT-0267] cpu time = 00:00:49, elapsed time = 00:00:36, memory = 1691.62 (MB), peak = 3269.36 (MB)
Total wire length = 954530 um.
Total wire length on LAYER li1 = 0 um.
Total wire length on LAYER met1 = 425327 um.
Total wire length on LAYER met2 = 430540 um.
Total wire length on LAYER met3 = 70914 um.
Total wire length on LAYER met4 = 27747 um.
Total wire length on LAYER met5 = 0 um.
Total number of vias = 200903.
Up-via summary (total 200903):.

-------------------------
 FR_MASTERSLICE         0
            li1     92098
           met1    100199
           met2      7251
           met3      1355
           met4         0
-------------------------
                   200903


[INFO DRT-0195] Start 7th optimization iteration.
    Completing 10% with 43 violations.
    elapsed time = 00:00:00, memory = 1691.62 (MB).
    Completing 20% with 43 violations.
    elapsed time = 00:00:00, memory = 1691.62 (MB).
    Completing 30% with 35 violations.
    elapsed time = 00:00:01, memory = 1736.77 (MB).
    Completing 40% with 35 violations.
    elapsed time = 00:00:01, memory = 1736.77 (MB).
    Completing 50% with 35 violations.
    elapsed time = 00:00:02, memory = 1753.39 (MB).
    Completing 60% with 35 violations.
    elapsed time = 00:00:02, memory = 1693.59 (MB).
    Completing 70% with 35 violations.
    elapsed time = 00:00:02, memory = 1713.56 (MB).
    Completing 80% with 35 violations.
    elapsed time = 00:00:12, memory = 1693.73 (MB).
    Completing 90% with 35 violations.
    elapsed time = 00:00:12, memory = 1693.73 (MB).
    Completing 100% with 30 violations.
    elapsed time = 00:00:16, memory = 1648.43 (MB).
[INFO DRT-0199]   Number of violations = 30.
Viol/Layer        met1
Metal Spacing       11
Short               19
[INFO DRT-0267] cpu time = 00:00:28, elapsed time = 00:00:16, memory = 1648.43 (MB), peak = 3269.36 (MB)
Total wire length = 954528 um.
Total wire length on LAYER li1 = 0 um.
Total wire length on LAYER met1 = 425339 um.
Total wire length on LAYER met2 = 430529 um.
Total wire length on LAYER met3 = 70911 um.
Total wire length on LAYER met4 = 27747 um.
Total wire length on LAYER met5 = 0 um.
Total number of vias = 200889.
Up-via summary (total 200889):.

-------------------------
 FR_MASTERSLICE         0
            li1     92098
           met1    100187
           met2      7249
           met3      1355
           met4         0
-------------------------
                   200889


[INFO DRT-0195] Start 8th optimization iteration.
    Completing 10% with 30 violations.
    elapsed time = 00:00:00, memory = 1648.43 (MB).
    Completing 20% with 30 violations.
    elapsed time = 00:00:00, memory = 1648.43 (MB).
    Completing 30% with 30 violations.
    elapsed time = 00:00:08, memory = 1648.43 (MB).
    Completing 40% with 30 violations.
    elapsed time = 00:00:08, memory = 1648.43 (MB).
    Completing 50% with 30 violations.
    elapsed time = 00:00:09, memory = 1705.77 (MB).
    Completing 60% with 28 violations.
    elapsed time = 00:00:09, memory = 1648.16 (MB).
    Completing 70% with 28 violations.
    elapsed time = 00:00:09, memory = 1648.16 (MB).
    Completing 80% with 23 violations.
    elapsed time = 00:00:16, memory = 1648.11 (MB).
    Completing 90% with 23 violations.
    elapsed time = 00:00:16, memory = 1648.11 (MB).
    Completing 100% with 23 violations.
    elapsed time = 00:00:16, memory = 1648.11 (MB).
[INFO DRT-0199]   Number of violations = 23.
Viol/Layer        met1
Metal Spacing        5
Short               18
[INFO DRT-0267] cpu time = 00:00:18, elapsed time = 00:00:17, memory = 1648.11 (MB), peak = 3269.36 (MB)
Total wire length = 954529 um.
Total wire length on LAYER li1 = 0 um.
Total wire length on LAYER met1 = 425343 um.
Total wire length on LAYER met2 = 430527 um.
Total wire length on LAYER met3 = 70910 um.
Total wire length on LAYER met4 = 27747 um.
Total wire length on LAYER met5 = 0 um.
Total number of vias = 200888.
Up-via summary (total 200888):.

-------------------------
 FR_MASTERSLICE         0
            li1     92098
           met1    100186
           met2      7249
           met3      1355
           met4         0
-------------------------
                   200888


[INFO DRT-0195] Start 9th optimization iteration.
    Completing 10% with 23 violations.
    elapsed time = 00:00:00, memory = 1648.11 (MB).
    Completing 20% with 23 violations.
    elapsed time = 00:00:00, memory = 1648.11 (MB).
    Completing 30% with 23 violations.
    elapsed time = 00:00:14, memory = 1648.26 (MB).
    Completing 40% with 23 violations.
    elapsed time = 00:00:14, memory = 1648.26 (MB).
    Completing 50% with 23 violations.
    elapsed time = 00:00:14, memory = 1648.26 (MB).
    Completing 60% with 23 violations.
    elapsed time = 00:00:14, memory = 1648.26 (MB).
    Completing 70% with 23 violations.
    elapsed time = 00:00:14, memory = 1648.26 (MB).
    Completing 80% with 22 violations.
    elapsed time = 00:00:15, memory = 1646.95 (MB).
    Completing 90% with 22 violations.
    elapsed time = 00:00:15, memory = 1646.95 (MB).
    Completing 100% with 22 violations.
    elapsed time = 00:00:15, memory = 1646.95 (MB).
[INFO DRT-0199]   Number of violations = 22.
Viol/Layer        met1
Metal Spacing        5
Short               17
[INFO DRT-0267] cpu time = 00:00:15, elapsed time = 00:00:15, memory = 1646.95 (MB), peak = 3269.36 (MB)
Total wire length = 954530 um.
Total wire length on LAYER li1 = 0 um.
Total wire length on LAYER met1 = 425344 um.
Total wire length on LAYER met2 = 430527 um.
Total wire length on LAYER met3 = 70910 um.
Total wire length on LAYER met4 = 27747 um.
Total wire length on LAYER met5 = 0 um.
Total number of vias = 200888.
Up-via summary (total 200888):.

-------------------------
 FR_MASTERSLICE         0
            li1     92098
           met1    100186
           met2      7249
           met3      1355
           met4         0
-------------------------
                   200888


[INFO DRT-0195] Start 10th optimization iteration.
    Completing 10% with 22 violations.
    elapsed time = 00:00:00, memory = 1646.95 (MB).
    Completing 20% with 22 violations.
    elapsed time = 00:00:00, memory = 1646.95 (MB).
    Completing 30% with 22 violations.
    elapsed time = 00:00:00, memory = 1646.95 (MB).
    Completing 40% with 22 violations.
    elapsed time = 00:00:00, memory = 1646.95 (MB).
    Completing 50% with 22 violations.
    elapsed time = 00:00:00, memory = 1646.95 (MB).
    Completing 60% with 22 violations.
    elapsed time = 00:00:00, memory = 1646.95 (MB).
    Completing 70% with 22 violations.
    elapsed time = 00:00:00, memory = 1646.95 (MB).
    Completing 80% with 22 violations.
    elapsed time = 00:00:00, memory = 1646.95 (MB).
    Completing 90% with 22 violations.
    elapsed time = 00:00:00, memory = 1646.95 (MB).
    Completing 100% with 1 violations.
    elapsed time = 00:00:05, memory = 1647.36 (MB).
[INFO DRT-0199]   Number of violations = 1.
Viol/Layer        met1
Metal Spacing        1
[INFO DRT-0267] cpu time = 00:00:05, elapsed time = 00:00:05, memory = 1647.36 (MB), peak = 3269.36 (MB)
Total wire length = 954529 um.
Total wire length on LAYER li1 = 0 um.
Total wire length on LAYER met1 = 425344 um.
Total wire length on LAYER met2 = 430529 um.
Total wire length on LAYER met3 = 70903 um.
Total wire length on LAYER met4 = 27751 um.
Total wire length on LAYER met5 = 0 um.
Total number of vias = 200893.
Up-via summary (total 200893):.

-------------------------
 FR_MASTERSLICE         0
            li1     92098
           met1    100189
           met2      7249
           met3      1357
           met4         0
-------------------------
                   200893


[INFO DRT-0195] Start 11th optimization iteration.
    Completing 10% with 1 violations.
    elapsed time = 00:00:00, memory = 1647.36 (MB).
    Completing 20% with 1 violations.
    elapsed time = 00:00:00, memory = 1647.36 (MB).
    Completing 30% with 1 violations.
    elapsed time = 00:00:00, memory = 1647.36 (MB).
    Completing 40% with 1 violations.
    elapsed time = 00:00:00, memory = 1647.36 (MB).
    Completing 50% with 1 violations.
    elapsed time = 00:00:00, memory = 1647.36 (MB).
    Completing 60% with 1 violations.
    elapsed time = 00:00:00, memory = 1647.36 (MB).
    Completing 70% with 1 violations.
    elapsed time = 00:00:00, memory = 1647.36 (MB).
    Completing 80% with 1 violations.
    elapsed time = 00:00:00, memory = 1647.36 (MB).
    Completing 90% with 1 violations.
    elapsed time = 00:00:00, memory = 1647.36 (MB).
    Completing 100% with 0 violations.
    elapsed time = 00:00:01, memory = 1647.11 (MB).
[INFO DRT-0199]   Number of violations = 0.
[INFO DRT-0267] cpu time = 00:00:02, elapsed time = 00:00:01, memory = 1647.11 (MB), peak = 3269.36 (MB)
Total wire length = 954519 um.
Total wire length on LAYER li1 = 0 um.
Total wire length on LAYER met1 = 425345 um.
Total wire length on LAYER met2 = 430532 um.
Total wire length on LAYER met3 = 70898 um.
Total wire length on LAYER met4 = 27742 um.
Total wire length on LAYER met5 = 0 um.
Total number of vias = 200890.
Up-via summary (total 200890):.

-------------------------
 FR_MASTERSLICE         0
            li1     92098
           met1    100190
           met2      7247
           met3      1355
           met4         0
-------------------------
                   200890


[INFO DRT-0198] Complete detail routing.
Total wire length = 954519 um.
Total wire length on LAYER li1 = 0 um.
Total wire length on LAYER met1 = 425345 um.
Total wire length on LAYER met2 = 430532 um.
Total wire length on LAYER met3 = 70898 um.
Total wire length on LAYER met4 = 27742 um.
Total wire length on LAYER met5 = 0 um.
Total number of vias = 200890.
Up-via summary (total 200890):.

-------------------------
 FR_MASTERSLICE         0
            li1     92098
           met1    100190
           met2      7247
           met3      1355
           met4         0
-------------------------
                   200890


[INFO DRT-0267] cpu time = 00:54:58, elapsed time = 00:24:25, memory = 1647.11 (MB), peak = 3269.36 (MB)

[INFO DRT-0180] Post processing.
Setting global connections for newly added cells…
Writing OpenROAD database to '/openlane/designs/openlane_design/runs/RUN_2026.07.01_11.09.21/results/routing/top.odb'…
Writing netlist to '/openlane/designs/openlane_design/runs/RUN_2026.07.01_11.09.21/results/routing/top.nl.v'…
Writing powered netlist to '/openlane/designs/openlane_design/runs/RUN_2026.07.01_11.09.21/results/routing/top.pnl.v'…
Writing layout to '/openlane/designs/openlane_design/runs/RUN_2026.07.01_11.09.21/results/routing/top.def'…
