Wed Jul 01 11:09:26 UTC 2026 - Executing "openroad -exit -no_init -python /openlane/scripts/odbpy/lefutil.py get_metal_layers -o /openlane/designs/openlane_design/runs/RUN_2026.07.01_11.09.21/tmp/layers.list /openlane/pdks/sky130A/libs.ref/sky130_fd_sc_hd/techlef/sky130_fd_sc_hd__nom.tlef"

Wed Jul 01 11:09:27 UTC 2026 - Executing "/openlane/scripts/mergeLef.py -o /openlane/designs/openlane_design/runs/RUN_2026.07.01_11.09.21/tmp/merged.nom.lef -i /openlane/pdks/sky130A/libs.ref/sky130_fd_sc_hd/techlef/sky130_fd_sc_hd__nom.tlef {/openlane/pdks/sky130A/libs.ref/sky130_fd_sc_hd/lef/sky130_ef_sc_hd.lef /openlane/pdks/sky130A/libs.ref/sky130_fd_sc_hd/lef/sky130_fd_sc_hd.lef} |& tee /dev/null"

Wed Jul 01 11:09:27 UTC 2026 - Executing "/openlane/scripts/mergeLef.py -o /openlane/designs/openlane_design/runs/RUN_2026.07.01_11.09.21/tmp/merged.min.lef -i /openlane/pdks/sky130A/libs.ref/sky130_fd_sc_hd/techlef/sky130_fd_sc_hd__min.tlef {/openlane/pdks/sky130A/libs.ref/sky130_fd_sc_hd/lef/sky130_ef_sc_hd.lef /openlane/pdks/sky130A/libs.ref/sky130_fd_sc_hd/lef/sky130_fd_sc_hd.lef} |& tee /dev/null"

Wed Jul 01 11:09:28 UTC 2026 - Executing "/openlane/scripts/mergeLef.py -o /openlane/designs/openlane_design/runs/RUN_2026.07.01_11.09.21/tmp/merged.max.lef -i /openlane/pdks/sky130A/libs.ref/sky130_fd_sc_hd/techlef/sky130_fd_sc_hd__max.tlef {/openlane/pdks/sky130A/libs.ref/sky130_fd_sc_hd/lef/sky130_ef_sc_hd.lef /openlane/pdks/sky130A/libs.ref/sky130_fd_sc_hd/lef/sky130_fd_sc_hd.lef} |& tee /dev/null"

Wed Jul 01 11:09:28 UTC 2026 - Executing "python3 /openlane/scripts/mergeLib.py --output /openlane/designs/openlane_design/runs/RUN_2026.07.01_11.09.21/tmp/synthesis/merged.lib --name sky130A_merged /openlane/pdks/sky130A/libs.ref/sky130_fd_sc_hd/lib/sky130_fd_sc_hd__tt_025C_1v80.lib"

Wed Jul 01 11:09:29 UTC 2026 - Executing "python3 /openlane/scripts/libtrim.py --cell-file /openlane/designs/openlane_design/runs/RUN_2026.07.01_11.09.21/tmp/synthesis/trimmed.lib.exclude.list --output /openlane/designs/openlane_design/runs/RUN_2026.07.01_11.09.21/tmp/synthesis/trimmed.lib /openlane/designs/openlane_design/runs/RUN_2026.07.01_11.09.21/tmp/synthesis/merged.lib"

Wed Jul 01 11:09:31 UTC 2026 - Executing "python3 /openlane/scripts/libtrim.py --cell-file /openlane/designs/openlane_design/runs/RUN_2026.07.01_11.09.21/tmp/cts/cts.lib.exclude.list --output /openlane/designs/openlane_design/runs/RUN_2026.07.01_11.09.21/tmp/cts/cts.lib /openlane/pdks/sky130A/libs.ref/sky130_fd_sc_hd/lib/sky130_fd_sc_hd__tt_025C_1v80.lib"

Wed Jul 01 11:09:32 UTC 2026 - Executing "python3 /openlane/scripts/libtrim.py --cell-file /openlane/designs/openlane_design/runs/RUN_2026.07.01_11.09.21/tmp/cts/cts-fastest.lib.exclude.list --output /openlane/designs/openlane_design/runs/RUN_2026.07.01_11.09.21/tmp/cts/cts-fastest.lib /openlane/pdks/sky130A/libs.ref/sky130_fd_sc_hd/lib/sky130_fd_sc_hd__ff_n40C_1v95.lib"

Wed Jul 01 11:09:32 UTC 2026 - Executing "python3 /openlane/scripts/libtrim.py --cell-file /openlane/designs/openlane_design/runs/RUN_2026.07.01_11.09.21/tmp/cts/cts-slowest.lib.exclude.list --output /openlane/designs/openlane_design/runs/RUN_2026.07.01_11.09.21/tmp/cts/cts-slowest.lib /openlane/pdks/sky130A/libs.ref/sky130_fd_sc_hd/lib/sky130_fd_sc_hd__ss_100C_1v60.lib"

Wed Jul 01 11:09:33 UTC 2026 - Executing "python3 /openlane/scripts/new_tracks.py -i /openlane/pdks/sky130A/libs.tech/openlane/sky130_fd_sc_hd/tracks.info -o /openlane/designs/openlane_design/runs/RUN_2026.07.01_11.09.21/tmp/routing/config.tracks"

Wed Jul 01 11:09:33 UTC 2026 - Executing "echo {OpenLane ff5509f65b17bfa4068d5336495ab1718987ff69} > /openlane/designs/openlane_design/runs/RUN_2026.07.01_11.09.21/OPENLANE_COMMIT"

Wed Jul 01 11:09:34 UTC 2026 - Executing "bash -c {verilator  --lint-only  -Wall  --Wno-DECLFILENAME  --top-module top  /openlane/designs/openlane_design/src/picorv32.v /openlane/designs/openlane_design/src/rom.v /openlane/designs/openlane_design/src/axi_lite_interconnect.v /openlane/designs/openlane_design/src/uart_axi.v /openlane/designs/openlane_design/src/uart_rx.v /openlane/designs/openlane_design/src/axi_decoder.v /openlane/designs/openlane_design/src/uart_tx.v /openlane/designs/openlane_design/src/top.v /openlane/designs/openlane_design/src/sram.v -Wno-fatal --relative-includes |& tee /openlane/designs/openlane_design/runs/RUN_2026.07.01_11.09.21/logs/synthesis/linter.log /dev/null}"

Wed Jul 01 11:09:36 UTC 2026 - Executing "sed -E {s/^([[:space:]]+)pg_pin(.*)/\1pin\2\n\1    direction : "inout";/g} /openlane/pdks/sky130A/libs.ref/sky130_fd_sc_hd/lib/sky130_fd_sc_hd__tt_025C_1v80.lib > /openlane/designs/openlane_design/runs/RUN_2026.07.01_11.09.21/tmp/synthesis/1-sky130_fd_sc_hd__tt_025C_1v80.no_pg.lib"

Wed Jul 01 11:09:37 UTC 2026 - Executing "sed -E {s/^([[:space:]]+)pg_pin(.*)/\1pin\2\n\1    direction : "inout";/g} /openlane/designs/openlane_design/runs/RUN_2026.07.01_11.09.21/tmp/synthesis/trimmed.lib > /openlane/designs/openlane_design/runs/RUN_2026.07.01_11.09.21/tmp/synthesis/1-trimmed.no_pg.lib"

Wed Jul 01 11:09:37 UTC 2026 - Executing "yosys -c /openlane/scripts/yosys/synth.tcl |& tee /dev/null /openlane/designs/openlane_design/runs/RUN_2026.07.01_11.09.21/logs/synthesis/1-synthesis.log"

Wed Jul 01 11:12:32 UTC 2026 - Executing "sed -i.bak -e {s/\(set ::env(CURRENT_NETLIST)\).*/\1 \/openlane\/designs\/openlane_design\/runs\/RUN_2026.07.01_11.09.21\/results\/synthesis\/top.v/} /openlane/designs/openlane_design/runs/RUN_2026.07.01_11.09.21/config.tcl"

Wed Jul 01 11:12:32 UTC 2026 - Executing "sed -i.bak /defparam/d /openlane/designs/openlane_design/runs/RUN_2026.07.01_11.09.21/results/synthesis/top.v"

Wed Jul 01 11:12:40 UTC 2026 - Executing "sta -exit -no_init /openlane/scripts/openroad/sta/multi_corner.tcl |& tee /dev/null /openlane/designs/openlane_design/runs/RUN_2026.07.01_11.09.21/logs/synthesis/2-sta.log"

Wed Jul 01 11:12:57 UTC 2026 - Executing "sed -E {s/^([[:space:]]+)pg_pin(.*)/\1pin\2\n\1    direction : "inout";/g} /openlane/pdks/sky130A/libs.ref/sky130_fd_sc_hd/lib/sky130_fd_sc_hd__tt_025C_1v80.lib > /openlane/designs/openlane_design/runs/RUN_2026.07.01_11.09.21/tmp/synthesis/2-sky130_fd_sc_hd__tt_025C_1v80.no_pg.lib"

Wed Jul 01 11:12:57 UTC 2026 - Executing "sed -E {s/^([[:space:]]+)pg_pin(.*)/\1pin\2\n\1    direction : "inout";/g} /openlane/designs/openlane_design/runs/RUN_2026.07.01_11.09.21/tmp/synthesis/trimmed.lib > /openlane/designs/openlane_design/runs/RUN_2026.07.01_11.09.21/tmp/synthesis/2-trimmed.no_pg.lib"

Wed Jul 01 11:12:58 UTC 2026 - Executing "yosys -c /openlane/scripts/yosys/synth.tcl |& tee /dev/null /dev/null"

Wed Jul 01 11:15:52 UTC 2026 - Executing "sed -i.bak /defparam/d /openlane/designs/openlane_design/runs/RUN_2026.07.01_11.09.21/tmp/synthesis/pg_define.v"

Wed Jul 01 11:16:00 UTC 2026 - Executing "openroad -exit /openlane/scripts/openroad/floorplan.tcl |& tee /dev/null /openlane/designs/openlane_design/runs/RUN_2026.07.01_11.09.21/logs/floorplan/3-initial_fp.log"

Wed Jul 01 11:16:04 UTC 2026 - Executing "openroad -exit -no_init -python /openlane/scripts/odbpy/defutil.py extract_core_dims --output-data /openlane/designs/openlane_design/runs/RUN_2026.07.01_11.09.21/tmp/dimensions.txt --input-lef /openlane/designs/openlane_design/runs/RUN_2026.07.01_11.09.21/tmp/merged.nom.lef /openlane/designs/openlane_design/runs/RUN_2026.07.01_11.09.21/tmp/floorplan/3-initial_fp.def"

Wed Jul 01 11:16:06 UTC 2026 - Executing "openroad -exit -no_init -python /openlane/scripts/odbpy/io_place.py --config /openlane/designs/openlane_design/pin_order.cfg --hor-layer met3 --ver-layer met2 --ver-width-mult 2 --hor-width-mult 2 --hor-extension 0 --ver-extension 0 --length 4 --unmatched-error --input-lef /openlane/designs/openlane_design/runs/RUN_2026.07.01_11.09.21/tmp/merged.nom.lef --output-def /openlane/designs/openlane_design/runs/RUN_2026.07.01_11.09.21/tmp/floorplan/4-io.def --output /openlane/designs/openlane_design/runs/RUN_2026.07.01_11.09.21/tmp/floorplan/4-io.odb /openlane/designs/openlane_design/runs/RUN_2026.07.01_11.09.21/tmp/floorplan/3-initial_fp.odb |& tee /dev/null /openlane/designs/openlane_design/runs/RUN_2026.07.01_11.09.21/logs/floorplan/4-place_io.log"

Wed Jul 01 11:16:09 UTC 2026 - Executing "openroad -exit /openlane/scripts/openroad/tapcell.tcl |& tee /dev/null /openlane/designs/openlane_design/runs/RUN_2026.07.01_11.09.21/logs/floorplan/5-tap.log"

Wed Jul 01 11:16:13 UTC 2026 - Executing "openroad -exit /openlane/scripts/openroad/pdn.tcl |& tee /dev/null /openlane/designs/openlane_design/runs/RUN_2026.07.01_11.09.21/logs/floorplan/6-pdn.log"

Wed Jul 01 11:16:24 UTC 2026 - Executing "openroad -exit /openlane/scripts/openroad/gpl.tcl |& tee /dev/null /openlane/designs/openlane_design/runs/RUN_2026.07.01_11.09.21/logs/placement/7-global.log"

Wed Jul 01 11:17:09 UTC 2026 - Executing "sed -i.bak -e {s/\(set ::env(CURRENT_NETLIST)\).*/\1 \/openlane\/designs\/openlane_design\/runs\/RUN_2026.07.01_11.09.21\/tmp\/placement\/7-global.nl.v/} /openlane/designs/openlane_design/runs/RUN_2026.07.01_11.09.21/config.tcl"

Wed Jul 01 11:17:11 UTC 2026 - Executing "openroad -exit /openlane/scripts/openroad/sta/multi_corner.tcl |& tee /dev/null /openlane/designs/openlane_design/runs/RUN_2026.07.01_11.09.21/logs/placement/8-gpl_sta.log"

Wed Jul 01 11:17:30 UTC 2026 - Executing "openroad -exit /openlane/scripts/openroad/resizer.tcl |& tee /dev/null /openlane/designs/openlane_design/runs/RUN_2026.07.01_11.09.21/logs/placement/9-resizer.log"

Wed Jul 01 11:17:45 UTC 2026 - Executing "sed -i.bak -e {s/\(set ::env(CURRENT_NETLIST)\).*/\1 \/openlane\/designs\/openlane_design\/runs\/RUN_2026.07.01_11.09.21\/tmp\/placement\/9-resizer.nl.v/} /openlane/designs/openlane_design/runs/RUN_2026.07.01_11.09.21/config.tcl"

Wed Jul 01 11:17:46 UTC 2026 - Executing "openroad -exit /openlane/scripts/openroad/dpl.tcl |& tee /dev/null /openlane/designs/openlane_design/runs/RUN_2026.07.01_11.09.21/logs/placement/10-detailed.log"

Wed Jul 01 11:17:49 UTC 2026 - Executing "sed -i.bak -e {s/\(set ::env(CURRENT_NETLIST)\).*/\1 \/openlane\/designs\/openlane_design\/runs\/RUN_2026.07.01_11.09.21\/results\/placement\/top.nl.v/} /openlane/designs/openlane_design/runs/RUN_2026.07.01_11.09.21/config.tcl"

Wed Jul 01 11:17:50 UTC 2026 - Executing "openroad -exit /openlane/scripts/openroad/sta/multi_corner.tcl |& tee /dev/null /openlane/designs/openlane_design/runs/RUN_2026.07.01_11.09.21/logs/placement/11-dpl_sta.log"

Wed Jul 01 11:18:10 UTC 2026 - Executing "openroad -exit /openlane/scripts/openroad/cts.tcl |& tee /dev/null /openlane/designs/openlane_design/runs/RUN_2026.07.01_11.09.21/logs/cts/12-cts.log"

Wed Jul 01 11:19:02 UTC 2026 - Executing "openroad -exit /openlane/scripts/openroad/sta/multi_corner.tcl |& tee /dev/null /openlane/designs/openlane_design/runs/RUN_2026.07.01_11.09.21/logs/cts/13-cts_sta.log"

Wed Jul 01 11:19:32 UTC 2026 - Executing "openroad -exit /openlane/scripts/openroad/resizer_timing.tcl |& tee /dev/null /openlane/designs/openlane_design/runs/RUN_2026.07.01_11.09.21/logs/cts/14-resizer.log"

Wed Jul 01 11:19:59 UTC 2026 - Executing "sed -i.bak -e {s/\(set ::env(CURRENT_NETLIST)\).*/\1 \/openlane\/designs\/openlane_design\/runs\/RUN_2026.07.01_11.09.21\/tmp\/cts\/14-top.resized.nl.v/} /openlane/designs/openlane_design/runs/RUN_2026.07.01_11.09.21/config.tcl"

Wed Jul 01 11:20:01 UTC 2026 - Executing "openroad -exit /openlane/scripts/openroad/resizer_routing_design.tcl |& tee /dev/null /openlane/designs/openlane_design/runs/RUN_2026.07.01_11.09.21/logs/routing/15-resizer_design.log"

Wed Jul 01 11:20:21 UTC 2026 - Executing "sed -i.bak -e {s/\(set ::env(CURRENT_NETLIST)\).*/\1 \/openlane\/designs\/openlane_design\/runs\/RUN_2026.07.01_11.09.21\/tmp\/15-top.nl.v/} /openlane/designs/openlane_design/runs/RUN_2026.07.01_11.09.21/config.tcl"

Wed Jul 01 11:20:22 UTC 2026 - Executing "openroad -exit /openlane/scripts/openroad/sta/multi_corner.tcl |& tee /dev/null /openlane/designs/openlane_design/runs/RUN_2026.07.01_11.09.21/logs/routing/16-rsz_design_sta.log"

Wed Jul 01 11:20:53 UTC 2026 - Executing "openroad -exit /openlane/scripts/openroad/resizer_routing_timing.tcl |& tee /dev/null /openlane/designs/openlane_design/runs/RUN_2026.07.01_11.09.21/logs/routing/17-resizer_timing.log"

Wed Jul 01 11:21:10 UTC 2026 - Executing "sed -i.bak -e {s/\(set ::env(CURRENT_NETLIST)\).*/\1 \/openlane\/designs\/openlane_design\/runs\/RUN_2026.07.01_11.09.21\/tmp\/17-top.nl.v/} /openlane/designs/openlane_design/runs/RUN_2026.07.01_11.09.21/config.tcl"

Wed Jul 01 11:21:11 UTC 2026 - Executing "openroad -exit /openlane/scripts/openroad/sta/multi_corner.tcl |& tee /dev/null /openlane/designs/openlane_design/runs/RUN_2026.07.01_11.09.21/logs/routing/18-rsz_timing_sta.log"

Wed Jul 01 11:21:42 UTC 2026 - Executing "openroad -exit -no_init -python /openlane/scripts/odbpy/diodes.py place --diode-cell sky130_fd_sc_hd__diode_2 --diode-pin DIODE --threshold Infinity --side-strategy source --port-protect both --input-lef /openlane/designs/openlane_design/runs/RUN_2026.07.01_11.09.21/tmp/merged.nom.lef --output-def /openlane/designs/openlane_design/runs/RUN_2026.07.01_11.09.21/tmp/routing/19-io_diodes.def --output /openlane/designs/openlane_design/runs/RUN_2026.07.01_11.09.21/tmp/routing/19-io_diodes.odb /openlane/designs/openlane_design/runs/RUN_2026.07.01_11.09.21/tmp/17-top.odb |& tee /dev/null /openlane/designs/openlane_design/runs/RUN_2026.07.01_11.09.21/logs/routing/19-io_diodes.log"

Wed Jul 01 11:21:47 UTC 2026 - Executing "openroad -exit /openlane/scripts/openroad/dpl.tcl |& tee /dev/null /openlane/designs/openlane_design/runs/RUN_2026.07.01_11.09.21/logs/routing/20-io_diode_legalization.log"

Wed Jul 01 11:21:52 UTC 2026 - Executing "sed -i.bak -e {s/\(set ::env(CURRENT_NETLIST)\).*/\1 \/openlane\/designs\/openlane_design\/runs\/RUN_2026.07.01_11.09.21\/tmp\/routing\/.\/19-io_diode_legalized.nl.v/} /openlane/designs/openlane_design/runs/RUN_2026.07.01_11.09.21/config.tcl"

Wed Jul 01 11:21:53 UTC 2026 - Executing "openroad -exit -no_init -python /openlane/scripts/odbpy/diodes.py place --diode-cell sky130_fd_sc_hd__diode_2 --diode-pin DIODE --threshold 90 --side-strategy source --port-protect none --input-lef /openlane/designs/openlane_design/runs/RUN_2026.07.01_11.09.21/tmp/merged.nom.lef --output-def /openlane/designs/openlane_design/runs/RUN_2026.07.01_11.09.21/tmp/routing/21-diodes.def --output /openlane/designs/openlane_design/runs/RUN_2026.07.01_11.09.21/tmp/routing/21-diodes.odb /openlane/designs/openlane_design/runs/RUN_2026.07.01_11.09.21/tmp/routing/./19-io_diode_legalized.odb |& tee /dev/null /openlane/designs/openlane_design/runs/RUN_2026.07.01_11.09.21/logs/routing/21-diodes.log"

Wed Jul 01 11:21:58 UTC 2026 - Executing "openroad -exit /openlane/scripts/openroad/dpl.tcl |& tee /dev/null /openlane/designs/openlane_design/runs/RUN_2026.07.01_11.09.21/logs/routing/22-diode_legalization.log"

Wed Jul 01 11:22:02 UTC 2026 - Executing "sed -i.bak -e {s/\(set ::env(CURRENT_NETLIST)\).*/\1 \/openlane\/designs\/openlane_design\/runs\/RUN_2026.07.01_11.09.21\/tmp\/routing\/.\/21-diodes_legalized.nl.v/} /openlane/designs/openlane_design/runs/RUN_2026.07.01_11.09.21/config.tcl"

Wed Jul 01 11:22:04 UTC 2026 - Executing "openroad -exit /openlane/scripts/openroad/groute.tcl |& tee /dev/null /openlane/designs/openlane_design/runs/RUN_2026.07.01_11.09.21/logs/routing/23-global.log"

Wed Jul 01 11:22:19 UTC 2026 - Executing "openroad -exit /openlane/scripts/openroad/write_views.tcl |& tee /dev/null /openlane/designs/openlane_design/runs/RUN_2026.07.01_11.09.21/logs/routing/23-global_write_netlist.log"

Wed Jul 01 11:22:21 UTC 2026 - Executing "sed -i.bak -e {s/\(set ::env(CURRENT_NETLIST)\).*/\1 \/openlane\/designs\/openlane_design\/runs\/RUN_2026.07.01_11.09.21\/tmp\/routing\/global.nl.v/} /openlane/designs/openlane_design/runs/RUN_2026.07.01_11.09.21/config.tcl"

Wed Jul 01 11:22:22 UTC 2026 - Executing "openroad -exit /openlane/scripts/openroad/sta/multi_corner.tcl |& tee /dev/null /openlane/designs/openlane_design/runs/RUN_2026.07.01_11.09.21/logs/routing/25-grt_sta.log"

Wed Jul 01 11:22:50 UTC 2026 - Executing "openroad -exit /openlane/scripts/openroad/fill.tcl |& tee /dev/null /openlane/designs/openlane_design/runs/RUN_2026.07.01_11.09.21/logs/routing/26-fill.log"

Wed Jul 01 11:22:56 UTC 2026 - Executing "sed -i.bak -e {s/\(set ::env(CURRENT_NETLIST)\).*/\1 \/openlane\/designs\/openlane_design\/runs\/RUN_2026.07.01_11.09.21\/tmp\/routing\/26-fill.nl.v/} /openlane/designs/openlane_design/runs/RUN_2026.07.01_11.09.21/config.tcl"

Wed Jul 01 11:22:57 UTC 2026 - Executing "openroad -exit /openlane/scripts/openroad/droute.tcl |& tee /dev/null /openlane/designs/openlane_design/runs/RUN_2026.07.01_11.09.21/logs/routing/27-detailed.log"

Wed Jul 01 11:50:21 UTC 2026 - Executing "sed -i.bak -e {s/\(set ::env(CURRENT_NETLIST)\).*/\1 \/openlane\/designs\/openlane_design\/runs\/RUN_2026.07.01_11.09.21\/results\/routing\/top.nl.v/} /openlane/designs/openlane_design/runs/RUN_2026.07.01_11.09.21/config.tcl"

Wed Jul 01 11:50:22 UTC 2026 - Executing "python3 /openlane/scripts/drc_rosetta.py tr to_klayout -o /openlane/designs/openlane_design/runs/RUN_2026.07.01_11.09.21/reports/routing/drt.klayout.xml --design-name top /openlane/designs/openlane_design/runs/RUN_2026.07.01_11.09.21/reports/routing/drt.drc"

Wed Jul 01 11:50:23 UTC 2026 - Executing "openroad -exit -no_init -python /openlane/scripts/odbpy/wire_lengths.py --report-out /openlane/designs/openlane_design/runs/RUN_2026.07.01_11.09.21/reports/routing/28-wire_lengths.csv --input-lef /openlane/designs/openlane_design/runs/RUN_2026.07.01_11.09.21/tmp/merged.nom.lef --output-def /dev/null --output /openlane/designs/openlane_design/runs/RUN_2026.07.01_11.09.21/results/routing/top.odb /openlane/designs/openlane_design/runs/RUN_2026.07.01_11.09.21/results/routing/top.odb |& tee /dev/null /openlane/designs/openlane_design/runs/RUN_2026.07.01_11.09.21/logs/routing/28-wire_lengths.log"

Wed Jul 01 11:50:29 UTC 2026 - Executing "openroad -exit /openlane/scripts/openroad/rcx.tcl |& tee /dev/null /openlane/designs/openlane_design/runs/RUN_2026.07.01_11.09.21/logs/signoff/29-parasitics_extraction.min.log"

Wed Jul 01 11:50:54 UTC 2026 - Executing "sta -exit -no_init /openlane/scripts/openroad/sta/multi_corner.tcl |& tee /dev/null /openlane/designs/openlane_design/runs/RUN_2026.07.01_11.09.21/logs/signoff/30-rcx_mcsta.min.log"

Wed Jul 01 11:52:35 UTC 2026 - Executing "openroad -exit /openlane/scripts/openroad/rcx.tcl |& tee /dev/null /openlane/designs/openlane_design/runs/RUN_2026.07.01_11.09.21/logs/signoff/31-parasitics_extraction.max.log"

Wed Jul 01 11:52:59 UTC 2026 - Executing "sta -exit -no_init /openlane/scripts/openroad/sta/multi_corner.tcl |& tee /dev/null /openlane/designs/openlane_design/runs/RUN_2026.07.01_11.09.21/logs/signoff/32-rcx_mcsta.max.log"

Wed Jul 01 11:54:43 UTC 2026 - Executing "openroad -exit /openlane/scripts/openroad/rcx.tcl |& tee /dev/null /openlane/designs/openlane_design/runs/RUN_2026.07.01_11.09.21/logs/signoff/33-parasitics_extraction.nom.log"

Wed Jul 01 11:55:07 UTC 2026 - Executing "sta -exit -no_init /openlane/scripts/openroad/sta/multi_corner.tcl |& tee /dev/null /openlane/designs/openlane_design/runs/RUN_2026.07.01_11.09.21/logs/signoff/34-rcx_mcsta.nom.log"

Wed Jul 01 11:56:49 UTC 2026 - Executing "sta -exit -no_init /openlane/scripts/openroad/sta/multi_corner.tcl |& tee /dev/null /openlane/designs/openlane_design/runs/RUN_2026.07.01_11.09.21/logs/signoff/35-rcx_sta.log"

Wed Jul 01 11:57:27 UTC 2026 - Executing "magic -noconsole -dnull -rcfile /openlane/pdks/sky130A/libs.tech/magic/sky130A.magicrc < /openlane/scripts/magic/wrapper.tcl |& tee /dev/null /openlane/designs/openlane_design/runs/RUN_2026.07.01_11.09.21/logs/signoff/36-gdsii.log"

Wed Jul 01 11:58:20 UTC 2026 - Executing "magic -noconsole -dnull -rcfile /openlane/pdks/sky130A/libs.tech/magic/sky130A.magicrc < /openlane/scripts/magic/wrapper.tcl |& tee /dev/null /openlane/designs/openlane_design/runs/RUN_2026.07.01_11.09.21/logs/signoff/36-gds_ptrs.log"

Wed Jul 01 11:58:50 UTC 2026 - Executing "sed -i.bak -n {/^<< properties >>/,/^<< end >>/p} /openlane/designs/openlane_design/runs/RUN_2026.07.01_11.09.21/tmp/signoff/gds_ptrs.mag"

Wed Jul 01 11:58:52 UTC 2026 - Executing "magic -noconsole -dnull -rcfile /openlane/pdks/sky130A/libs.tech/magic/sky130A.magicrc < /openlane/scripts/magic/wrapper.tcl |& tee /dev/null /openlane/designs/openlane_design/runs/RUN_2026.07.01_11.09.21/logs/signoff/36-lef.log"

Wed Jul 01 11:59:46 UTC 2026 - Executing "magic -noconsole -dnull -rcfile /openlane/pdks/sky130A/libs.tech/magic/sky130A.magicrc < /openlane/scripts/magic/wrapper.tcl |& tee /dev/null /openlane/designs/openlane_design/runs/RUN_2026.07.01_11.09.21/logs/signoff/36-maglef.log"

Wed Jul 01 11:59:48 UTC 2026 - Executing "python3 /openlane/scripts/klayout/stream_out.py --output /openlane/designs/openlane_design/runs/RUN_2026.07.01_11.09.21/results/signoff/top.klayout.gds --lyt /openlane/pdks/sky130A/libs.tech/klayout/tech/sky130A.lyt --lym /openlane/pdks/sky130A/libs.tech/klayout/tech/sky130A.map --lyp /openlane/pdks/sky130A/libs.tech/klayout/tech/sky130A.lyp --top top --with-gds-file /openlane/pdks/sky130A/libs.ref/sky130_fd_sc_hd/gds/sky130_fd_sc_hd.gds --input-lef /openlane/designs/openlane_design/runs/RUN_2026.07.01_11.09.21/tmp/merged.nom.lef /openlane/designs/openlane_design/runs/RUN_2026.07.01_11.09.21/results/routing/top.def |& tee /dev/null /openlane/designs/openlane_design/runs/RUN_2026.07.01_11.09.21/logs/signoff/37-gdsii-klayout.log"

Wed Jul 01 11:59:54 UTC 2026 - Executing "magic -noconsole -dnull -rcfile /openlane/pdks/sky130A/libs.tech/magic/sky130A.magicrc < /openlane/scripts/magic/wrapper.tcl |& tee /dev/null /openlane/designs/openlane_design/runs/RUN_2026.07.01_11.09.21/logs/signoff/38-spice.log"

Wed Jul 01 12:05:47 UTC 2026 - Executing "openroad -exit -no_init -python /openlane/scripts/odbpy/power_utils.py write_powered_def --output /openlane/designs/openlane_design/runs/RUN_2026.07.01_11.09.21/tmp/signoff/38-top.p.def --input-lef /openlane/designs/openlane_design/runs/RUN_2026.07.01_11.09.21/tmp/merged.nom.lef --power-port VPWR --ground-port VGND --powered-netlist /openlane/designs/openlane_design/runs/RUN_2026.07.01_11.09.21/tmp/synthesis/pg_define.v /openlane/designs/openlane_design/runs/RUN_2026.07.01_11.09.21/results/routing/top.def |& tee /dev/null /openlane/designs/openlane_design/runs/RUN_2026.07.01_11.09.21/logs/signoff/39-write_powered_def.log"

Wed Jul 01 12:05:57 UTC 2026 - Executing "openroad -exit /openlane/scripts/openroad/write_views.tcl |& tee /dev/null /openlane/designs/openlane_design/runs/RUN_2026.07.01_11.09.21/logs/signoff/39-write_powered_verilog.log"

Wed Jul 01 12:06:05 UTC 2026 - Executing "sed -i.bak -e {s/\(set ::env(CURRENT_NETLIST)\).*/\1 \/openlane\/designs\/openlane_design\/runs\/RUN_2026.07.01_11.09.21\/tmp\/signoff\/38-top.nl.v/} /openlane/designs/openlane_design/runs/RUN_2026.07.01_11.09.21/config.tcl"

Wed Jul 01 12:06:07 UTC 2026 - Executing "netgen -batch source /openlane/designs/openlane_design/runs/RUN_2026.07.01_11.09.21/tmp/signoff/41-setup_file.lef.lvs |& tee /dev/null /openlane/designs/openlane_design/runs/RUN_2026.07.01_11.09.21/logs/signoff/41-lvs.lef.log"

Wed Jul 01 12:06:29 UTC 2026 - Executing "magic -noconsole -dnull -rcfile /openlane/pdks/sky130A/libs.tech/magic/sky130A.magicrc < /openlane/scripts/magic/wrapper.tcl |& tee /dev/null /openlane/designs/openlane_design/runs/RUN_2026.07.01_11.09.21/logs/signoff/42-drc.log"

Wed Jul 01 12:06:58 UTC 2026 - Executing "python3 /openlane/scripts/drc_rosetta.py magic to_tcl -o /openlane/designs/openlane_design/runs/RUN_2026.07.01_11.09.21/reports/signoff/drc.tcl /openlane/designs/openlane_design/runs/RUN_2026.07.01_11.09.21/reports/signoff/drc.rpt"

Wed Jul 01 12:06:59 UTC 2026 - Executing "python3 /openlane/scripts/drc_rosetta.py magic to_tr -o /openlane/designs/openlane_design/runs/RUN_2026.07.01_11.09.21/reports/signoff/drc.tr /openlane/designs/openlane_design/runs/RUN_2026.07.01_11.09.21/reports/signoff/drc.rpt"

Wed Jul 01 12:06:59 UTC 2026 - Executing "python3 /openlane/scripts/drc_rosetta.py tr to_klayout -o /openlane/designs/openlane_design/runs/RUN_2026.07.01_11.09.21/reports/signoff/drc.klayout.xml --design-name top /openlane/designs/openlane_design/runs/RUN_2026.07.01_11.09.21/reports/signoff/drc.tr"

Wed Jul 01 12:06:59 UTC 2026 - Executing "python3 /openlane/scripts/drc_rosetta.py magic to_rdb -o /openlane/designs/openlane_design/runs/RUN_2026.07.01_11.09.21/reports/signoff/drc.rdb /openlane/designs/openlane_design/runs/RUN_2026.07.01_11.09.21/reports/signoff/drc.rpt"

Wed Jul 01 12:07:01 UTC 2026 - Executing "openroad -exit /openlane/scripts/openroad/antenna_check.tcl |& tee /dev/null /openlane/designs/openlane_design/runs/RUN_2026.07.01_11.09.21/logs/signoff/43-arc.log"

Wed Jul 01 12:07:12 UTC 2026 - Executing "python3 /openlane/scripts/extract_antenna_violators.py --output /openlane/designs/openlane_design/runs/RUN_2026.07.01_11.09.21/reports/signoff/43-antenna_violators.rpt --plain-out /openlane/designs/openlane_design/runs/RUN_2026.07.01_11.09.21/reports/signoff/43-antenna_violators_pins.txt /openlane/designs/openlane_design/runs/RUN_2026.07.01_11.09.21/logs/signoff/43-arc.log"

Wed Jul 01 12:07:14 UTC 2026 - Executing "awk -v vdd=VPWR -v gnd=VGND -f /openlane/pdks/sky130A/libs.tech/openlane/cvc/power.awk /openlane/designs/openlane_design/runs/RUN_2026.07.01_11.09.21/tmp/signoff/38-top.nl.v > /openlane/designs/openlane_design/runs/RUN_2026.07.01_11.09.21/tmp/signoff/top.power"

Wed Jul 01 12:07:14 UTC 2026 - Executing "awk -f /openlane/pdks/sky130A/libs.tech/openlane/cvc/cdl.awk /openlane/pdks/sky130A/libs.ref/sky130_fd_sc_hd/cdl/sky130_fd_sc_hd.cdl /openlane/designs/openlane_design/runs/RUN_2026.07.01_11.09.21/results/signoff/top.lef.spice > /openlane/designs/openlane_design/runs/RUN_2026.07.01_11.09.21/tmp/signoff/top.cdl"

Wed Jul 01 12:07:14 UTC 2026 - Executing "cvc_rv /openlane/pdks/sky130A/libs.tech/openlane/cvc/cvcrc |& tee /dev/null /openlane/designs/openlane_design/runs/RUN_2026.07.01_11.09.21/logs/signoff/44-erc_screen.log"

